// Jest Snapshot v1, https://goo.gl/fbAQLP

exports[`initial 1`] = `
Object {
  "game": Object {
    "age": 0,
  },
  "players": Array [
    Object {
      "battleTokens": Array [],
      "built": Array [],
      "cardsInHand": Array [
        Object {
          "age": 1,
          "cost": Array [],
          "free": true,
          "minPlayers": 3,
          "name": "Clay Pool",
          "tooltip": "Produces clay.",
          "type": 0,
          "unplayable": false,
        },
        Object {
          "age": 1,
          "cost": Array [
            Array [
              2,
            ],
          ],
          "free": false,
          "minPlayers": 2,
          "name": "Stockade",
          "tooltip": "Provides 1 unit of military strength.",
          "type": 4,
          "unplayable": false,
        },
        Object {
          "age": 1,
          "cost": Array [
            Array [
              0,
            ],
          ],
          "free": false,
          "minPlayers": 3,
          "name": "Guard Tower",
          "tooltip": "Provides 1 unit of military strength.",
          "type": 4,
          "unplayable": true,
        },
        Object {
          "age": 1,
          "cost": Array [
            1,
          ],
          "free": false,
          "minPlayers": 2,
          "name": "Timber Yard",
          "tooltip": "Produces stone or wood.",
          "type": 0,
          "unplayable": false,
        },
        Object {
          "age": 1,
          "cost": Array [],
          "free": true,
          "minPlayers": 2,
          "name": "Press",
          "tooltip": "Produces paper.",
          "type": 1,
          "unplayable": false,
        },
        Object {
          "age": 1,
          "cost": Array [
            Array [
              3,
            ],
          ],
          "free": true,
          "minPlayers": 2,
          "name": "Barracks",
          "tooltip": "Provides 1 unit of military strength.",
          "type": 4,
          "unplayable": false,
        },
        Object {
          "age": 1,
          "cost": Array [
            Array [
              4,
            ],
          ],
          "free": false,
          "minPlayers": 2,
          "name": "Workshop",
          "tooltip": "Enhances engineering.",
          "type": 6,
          "unplayable": true,
        },
      ],
      "gold": 3,
      "id": 0,
      "name": "0",
      "playable": true,
      "resources": Object {
        "east": Object {
          "multi": Array [],
          "single": Object {
            "0": 0,
            "1": 0,
            "2": 1,
            "3": 0,
            "4": 0,
            "5": 0,
            "6": 0,
          },
        },
        "multi": Array [],
        "single": Object {
          "0": 0,
          "1": 0,
          "2": 0,
          "3": 1,
          "4": 0,
          "5": 0,
          "6": 0,
        },
        "west": Object {
          "multi": Array [],
          "single": Object {
            "0": 0,
            "1": 0,
            "2": 0,
            "3": 0,
            "4": 0,
            "5": 0,
            "6": 1,
          },
        },
      },
      "score": 1,
      "waiting": false,
      "wonder": Object {
        "built": Array [],
        "isLast": false,
        "name": "Rhodos",
        "side": "A",
        "stageCount": 5,
      },
    },
    Object {
      "battleTokens": Array [],
      "built": Array [],
      "gold": 3,
      "id": 1,
      "name": "1",
      "playable": false,
      "resources": Object {
        "east": Object {
          "multi": Array [],
          "single": Object {
            "0": 0,
            "1": 0,
            "2": 0,
            "3": 1,
            "4": 0,
            "5": 0,
            "6": 0,
          },
        },
        "multi": Array [],
        "single": Object {
          "0": 0,
          "1": 0,
          "2": 0,
          "3": 0,
          "4": 0,
          "5": 0,
          "6": 1,
        },
        "west": Object {
          "multi": Array [],
          "single": Object {
            "0": 0,
            "1": 0,
            "2": 1,
            "3": 0,
            "4": 0,
            "5": 0,
            "6": 0,
          },
        },
      },
      "score": 1,
      "waiting": false,
      "wonder": Object {
        "built": Array [],
        "isLast": false,
        "name": "Ephesos",
        "side": "A",
        "stageCount": 6,
      },
    },
    Object {
      "battleTokens": Array [],
      "built": Array [],
      "gold": 3,
      "id": 2,
      "name": "2",
      "playable": false,
      "resources": Object {
        "east": Object {
          "multi": Array [],
          "single": Object {
            "0": 0,
            "1": 0,
            "2": 0,
            "3": 0,
            "4": 0,
            "5": 0,
            "6": 1,
          },
        },
        "multi": Array [],
        "single": Object {
          "0": 0,
          "1": 0,
          "2": 1,
          "3": 0,
          "4": 0,
          "5": 0,
          "6": 0,
        },
        "west": Object {
          "multi": Array [],
          "single": Object {
            "0": 0,
            "1": 0,
            "2": 0,
            "3": 1,
            "4": 0,
            "5": 0,
            "6": 0,
          },
        },
      },
      "score": 1,
      "waiting": false,
      "wonder": Object {
        "built": Array [],
        "isLast": false,
        "name": "Olympia",
        "side": "A",
        "stageCount": 6,
      },
    },
  ],
}
`;
